Windows PowerShell
Copyright (C) Microsoft Corporation. All rights reserved.

Install the latest PowerShell for new features and improvements! https://aka.ms/PSWindows

PS C:\Users\yakou> cd "C:\Users\yakou\Desktop\Dockerfile.txt"
cd : Cannot find path 'C:\Users\yakou\Desktop\Dockerfile.txt' because it does not exist.
At line:1 char:1
+ cd "C:\Users\yakou\Desktop\Dockerfile.txt"
+ ~~~~~~~~~~~~~~~~~~~~~~~~~~~~~~~~~~~~~~~~~~
    + CategoryInfo          : ObjectNotFound: (C:\Users\yakou\Desktop\Dockerfile.txt:String) [Set-Location], ItemNotFo
   undException
    + FullyQualifiedErrorId : PathNotFound,Microsoft.PowerShell.Commands.SetLocationCommand

PS C:\Users\yakou> cd "C:\Users\yakou\Desktop"
PS C:\Users\yakou\Desktop> docker build -t jupyter_project:latest .
[+] Building 0.3s (1/1) FINISHED                                                                         docker:default
 => [internal] load build definition from Dockerfile                                                               0.1s
 => => transferring dockerfile: 2B                                                                                 0.0s
ERROR: failed to solve: failed to read dockerfile: open Dockerfile: no such file or directory
PS C:\Users\yakou\Desktop> docker build -t my_jupyter_image:latest .
[+] Building 0.1s (1/1) FINISHED                                                                         docker:default
 => [internal] load build definition from Dockerfile                                                               0.0s
 => => transferring dockerfile: 2B                                                                                 0.0s
ERROR: failed to solve: failed to read dockerfile: open Dockerfile: no such file or directory
PS C:\Users\yakou\Desktop> cd C:\Users\yakou\Desktop
PS C:\Users\yakou\Desktop> docker build -t my_jupyter_image:latest .
[+] Building 0.1s (1/1) FINISHED                                                                         docker:default
 => [internal] load build definition from Dockerfile                                                               0.0s
 => => transferring dockerfile: 2B                                                                                 0.0s
ERROR: failed to solve: failed to read dockerfile: open Dockerfile: no such file or directory
PS C:\Users\yakou\Desktop>
PS C:\Users\yakou\Desktop> cd C:\Users\yakou\Desktop
PS C:\Users\yakou\Desktop> dir


    Directory: C:\Users\yakou\Desktop


Mode                 LastWriteTime         Length Name
----                 -------------         ------ ----
da----         4/11/2024   1:18 PM                Coursera
da----         3/11/2024  10:04 PM                Projects
da----         3/15/2024  10:03 PM                upcourses work
-a----         4/16/2024  11:52 PM           2138 Docker Desktop.lnk
-a----         4/19/2024   1:43 PM            261 Dockerfile.txt
-a----         3/11/2024  10:10 PM           1521 Shortcut to Desktop (OneDrive - Personal).lnk


PS C:\Users\yakou\Desktop> cd C:\Users\yakou\Desktop
PS C:\Users\yakou\Desktop> rename Dockerfile.txt Dockerfile
rename : The term 'rename' is not recognized as the name of a cmdlet, function, script file, or operable program.
Check the spelling of the name, or if a path was included, verify that the path is correct and try again.
At line:1 char:1
+ rename Dockerfile.txt Dockerfile
+ ~~~~~~
    + CategoryInfo          : ObjectNotFound: (rename:String) [], CommandNotFoundException
    + FullyQualifiedErrorId : CommandNotFoundException

PS C:\Users\yakou\Desktop>
PS C:\Users\yakou\Desktop> Rename-Item -Path .\Dockerfile.txt -NewName Dockerfile
PS C:\Users\yakou\Desktop> dir


    Directory: C:\Users\yakou\Desktop


Mode                 LastWriteTime         Length Name
----                 -------------         ------ ----
da----         4/11/2024   1:18 PM                Coursera
da----         3/11/2024  10:04 PM                Projects
da----         3/15/2024  10:03 PM                upcourses work
-a----         4/16/2024  11:52 PM           2138 Docker Desktop.lnk
-a----         4/19/2024   1:43 PM            261 Dockerfile
-a----         3/11/2024  10:10 PM           1521 Shortcut to Desktop (OneDrive - Personal).lnk


PS C:\Users\yakou\Desktop> docker build -t my_jupyter_image:latest .
[+] Building 0.8s (5/5) FINISHED                                                                         docker:default
 => [internal] load build definition from Dockerfile                                                               0.1s
 => => transferring dockerfile: 300B                                                                               0.0s
 => [internal] load metadata for docker.io/jupyter/base-notebook:latest                                            0.0s
 => [internal] load .dockerignore                                                                                  0.1s
 => => transferring context: 2B                                                                                    0.0s
 => [1/1] FROM docker.io/jupyter/base-notebook:latest                                                              0.5s
 => exporting to image                                                                                             0.0s
 => => exporting layers                                                                                            0.0s
 => => writing image sha256:d85dd1010be7d9d3e0f7ef800c08d93222c9a137dbebb692df7ef68ca30ff93d                       0.0s
 => => naming to docker.io/library/my_jupyter_image:latest                                                         0.0s

What's Next?
  View a summary of image vulnerabilities and recommendations → docker scout quickview
PS C:\Users\yakou\Desktop> docker build -t <image_name>:<tag> .
At line:1 char:17
+ docker build -t <image_name>:<tag> .
+                 ~
The '<' operator is reserved for future use.
    + CategoryInfo          : ParserError: (:) [], ParentContainsErrorRecordException
    + FullyQualifiedErrorId : RedirectionNotSupported

PS C:\Users\yakou\Desktop> docker build -t nadeens_image:latest .
[+] Building 5.3s (5/5) FINISHED                                                                         docker:default
 => [internal] load build definition from Dockerfile                                                               1.6s
 => => transferring dockerfile: 300B                                                                               0.9s
 => [internal] load metadata for docker.io/jupyter/base-notebook:latest                                            0.1s
 => [internal] load .dockerignore                                                                                  0.5s
 => => transferring context: 2B                                                                                    0.0s
 => CACHED [1/1] FROM docker.io/jupyter/base-notebook:latest                                                       0.0s
 => exporting to image                                                                                             0.6s
 => => exporting layers                                                                                            0.1s
 => => writing image sha256:d85dd1010be7d9d3e0f7ef800c08d93222c9a137dbebb692df7ef68ca30ff93d                       0.1s
 => => naming to docker.io/library/nadeens_image:latest                                                            0.3s

What's Next?
  View a summary of image vulnerabilities and recommendations → docker scout quickview
PS C:\Users\yakou\Desktop> docker run --name my_jupyter_container -p 8888:8888 my_jupyter_image:latest
docker: Error response from daemon: driver failed programming external connectivity on endpoint my_jupyter_container (a8efc90909d662390e052e6f4c6a3129ae86de404da9e6b0f41b871baf586c14): Bind for 0.0.0.0:8888 failed: port is already allocated.
PS C:\Users\yakou\Desktop> docker run --name my_jupyter_container -p 8889:8888 my_jupyter_image:latest
docker: Error response from daemon: Conflict. The container name "/my_jupyter_container" is already in use by container "3d524dded5bfe68951b830a53048d6252f0f19400c3c6aa28fe40fe6b246185d". You have to remove (or rename) that container to be able to reuse that name.
See 'docker run --help'.
PS C:\Users\yakou\Desktop> netstat -ano | findstr :8888
  TCP    0.0.0.0:8888           0.0.0.0:0              LISTENING       14796
  TCP    [::]:8888              [::]:0                 LISTENING       14796
  TCP    [::1]:8888             [::]:0                 LISTENING       21104
PS C:\Users\yakou\Desktop> docker rm 3d524dded5bfe68951b830a53048d6252f0f19400c3c6aa28fe40fe6b246185d
3d524dded5bfe68951b830a53048d6252f0f19400c3c6aa28fe40fe6b246185d
PS C:\Users\yakou\Desktop> docker run --name my_jupyter_container -p 8889:8888 my_jupyter_image:latest
[I 2024-04-19 12:06:07.047 ServerApp] Package notebook took 0.0000s to import
[I 2024-04-19 12:06:07.130 ServerApp] Package jupyter_lsp took 0.0814s to import
[W 2024-04-19 12:06:07.130 ServerApp] A `_jupyter_server_extension_points` function was not found in jupyter_lsp. Instead, a `_jupyter_server_extension_paths` function was found and will be used for now. This function name will be deprecated in future releases of Jupyter Server.
[I 2024-04-19 12:06:07.175 ServerApp] Package jupyter_server_terminals took 0.0444s to import
[I 2024-04-19 12:06:07.177 ServerApp] Package jupyterlab took 0.0000s to import
[I 2024-04-19 12:06:11.178 ServerApp] Package nbclassic took 0.0176s to import
[W 2024-04-19 12:06:11.193 ServerApp] A `_jupyter_server_extension_points` function was not found in nbclassic. Instead, a `_jupyter_server_extension_paths` function was found and will be used for now. This function name will be deprecated in future releases of Jupyter Server.
[I 2024-04-19 12:06:11.199 ServerApp] Package notebook_shim took 0.0000s to import
[W 2024-04-19 12:06:11.200 ServerApp] A `_jupyter_server_extension_points` function was not found in notebook_shim. Instead, a `_jupyter_server_extension_paths` function was found and will be used for now. This function name will be deprecated in future releases of Jupyter Server.
[I 2024-04-19 12:06:11.204 ServerApp] jupyter_lsp | extension was successfully linked.
[I 2024-04-19 12:06:11.229 ServerApp] jupyter_server_terminals | extension was successfully linked.
[I 2024-04-19 12:06:11.262 ServerApp] jupyterlab | extension was successfully linked.
[I 2024-04-19 12:06:11.279 ServerApp] nbclassic | extension was successfully linked.
[I 2024-04-19 12:06:11.297 ServerApp] notebook | extension was successfully linked.
[I 2024-04-19 12:06:11.312 ServerApp] Writing Jupyter server cookie secret to /home/jovyan/.local/share/jupyter/runtime/jupyter_cookie_secret
[I 2024-04-19 12:06:12.246 ServerApp] notebook_shim | extension was successfully linked.
[I 2024-04-19 12:06:12.318 ServerApp] notebook_shim | extension was successfully loaded.
[I 2024-04-19 12:06:12.325 ServerApp] jupyter_lsp | extension was successfully loaded.
[I 2024-04-19 12:06:12.330 ServerApp] jupyter_server_terminals | extension was successfully loaded.
[I 2024-04-19 12:06:12.337 LabApp] JupyterLab extension loaded from /opt/conda/lib/python3.11/site-packages/jupyterlab
[I 2024-04-19 12:06:12.338 LabApp] JupyterLab application directory is /opt/conda/share/jupyter/lab
[I 2024-04-19 12:06:12.339 LabApp] Extension Manager is 'pypi'.
[I 2024-04-19 12:06:12.346 ServerApp] jupyterlab | extension was successfully loaded.
[I 2024-04-19 12:06:12.365 ServerApp] nbclassic | extension was successfully loaded.
[I 2024-04-19 12:06:12.375 ServerApp] notebook | extension was successfully loaded.
[I 2024-04-19 12:06:12.377 ServerApp] Serving notebooks from local directory: /home/jovyan
[I 2024-04-19 12:06:12.378 ServerApp] Jupyter Server 2.8.0 is running at:
[I 2024-04-19 12:06:12.379 ServerApp] http://a98b85e717a6:8888/tree?token=0c351868a90e51a090bf71597cbe4f336d27accab6a2066b
[I 2024-04-19 12:06:12.380 ServerApp]     http://127.0.0.1:8888/tree?token=0c351868a90e51a090bf71597cbe4f336d27accab6a2066b
[I 2024-04-19 12:06:12.381 ServerApp] Use Control-C to stop this server and shut down all kernels (twice to skip confirmation).
[C 2024-04-19 12:06:12.391 ServerApp]

    To access the server, open this file in a browser:
        file:///home/jovyan/.local/share/jupyter/runtime/jpserver-7-open.html
    Or copy and paste one of these URLs:
        http://a98b85e717a6:8888/tree?token=0c351868a90e51a090bf71597cbe4f336d27accab6a2066b
        http://127.0.0.1:8888/tree?token=0c351868a90e51a090bf71597cbe4f336d27accab6a2066b
[I 2024-04-19 12:06:13.976 ServerApp] Skipped non-installed server(s): bash-language-server, dockerfile-language-server-nodejs, javascript-typescript-langserver, jedi-language-server, julia-language-server, pyright, python-language-server, python-lsp-server, r-languageserver, sql-language-server, texlab, typescript-language-server, unified-language-server, vscode-css-languageserver-bin, vscode-html-languageserver-bin, vscode-json-languageserver-bin, yaml-language-server